// Jest Snapshot v1, https://goo.gl/fbAQLP

exports[`The Header component renders header correctly 1`] = `
<DocumentFragment>
  <header
    class="sc-AxhUy ciJHJw"
  >
    <span
      class="sc-AxhCb iSTeBQ"
    />
    <div
      class="sc-AxjAm dGBLMY"
    >
      TESTING 
      <span />
      REACT.DEV
    </div>
    <div>
      <button
        class="sc-AxirZ xKohc"
        data-testid="FilterButton"
      >
        Filter
      </button>
      <button
        class="sc-AxirZ sc-AxiKw lesrjN"
        data-testid="CartButton"
      >
        Cart (0)
      </button>
    </div>
  </header>
</DocumentFragment>
`;
